// Vitest Snapshot v1, https://vitest.dev/guide/snapshot.html

exports[`Programme tokens > match the snapshot 1`] = `
{
  "dark": {
    "--color-accent": "#8fa6ff",
    "--color-accent-fill": "#3558e6",
    "--color-accent-hover": "#a9baff",
    "--color-accent-soft": "#1b2340",
    "--color-accent-soft-border": "#3a4a8c",
    "--color-bg": "#0d1015",
    "--color-border": "#2a323d",
    "--color-border-control": "#5f6874",
    "--color-border-strong": "#c5ccd6",
    "--color-code-bg": "#0a0d12",
    "--color-code-comment": "#7d8796",
    "--color-code-header": "#151a21",
    "--color-code-keyword": "#8fa6ff",
    "--color-code-string": "#f2c27a",
    "--color-error": "#f87171",
    "--color-error-bg": "#2a1414",
    "--color-error-border": "#5a2626",
    "--color-flight-bg": "#3a2e14",
    "--color-flight-border": "#5c4718",
    "--color-flight-dot": "#f2b544",
    "--color-flight-fg": "#f2b544",
    "--color-ink": "#e8ecf1",
    "--color-ink-2": "#c5ccd6",
    "--color-muted": "#9aa4b2",
    "--color-on-accent": "#ffffff",
    "--color-past": "#39424f",
    "--color-past-track": "#1e242d",
    "--color-scrim": "rgb(0 0 0 / 0.55)",
    "--color-success": "#4ade80",
    "--color-sunken": "#10141a",
    "--color-surface": "#151a21",
  },
  "light": {
    "--color-accent": "#2447d9",
    "--color-accent-fill": "#2447d9",
    "--color-accent-hover": "#1a36a8",
    "--color-accent-soft": "#e8edfd",
    "--color-accent-soft-border": "#b9c6f6",
    "--color-bg": "#f4f6f8",
    "--color-border": "#d7dce3",
    "--color-border-control": "#818894",
    "--color-border-strong": "#0e131b",
    "--color-code-bg": "#121823",
    "--color-code-comment": "#7d8796",
    "--color-code-header": "#1b2230",
    "--color-code-keyword": "#8fa6ff",
    "--color-code-string": "#f2c27a",
    "--color-error": "#b42318",
    "--color-error-bg": "#fef3f2",
    "--color-error-border": "#f4c7c3",
    "--color-flight-bg": "#fcefd8",
    "--color-flight-border": "#f0d3a0",
    "--color-flight-dot": "#c27a0e",
    "--color-flight-fg": "#8a4f00",
    "--color-ink": "#0e131b",
    "--color-ink-2": "#232a35",
    "--color-muted": "#4a5361",
    "--color-on-accent": "#ffffff",
    "--color-past": "#8e99aa",
    "--color-past-track": "#e3e7ed",
    "--color-scrim": "rgb(14 19 27 / 0.45)",
    "--color-success": "#1e7a3a",
    "--color-sunken": "#eceff3",
    "--color-surface": "#ffffff",
  },
}
`;
